// Jest Snapshot v1, https://goo.gl/fbAQLP

exports[`IoT Device Simulator ConsoleConstruct Test 1`] = `
Object {
  "Resources": Object {
    "TestCommonResourceDistributionCloudFrontDistributionCF3F0A1C": Object {
      "Metadata": Object {
        "cfn_nag": Object {
          "rules_to_suppress": Array [
            Object {
              "id": "W70",
              "reason": "Since the distribution uses the CloudFront domain name, CloudFront automatically sets the security policy to TLSv1 regardless of the value of MinimumProtocolVersion",
            },
          ],
        },
      },
      "Properties": Object {
        "DistributionConfig": Object {
          "Comment": "IoT Device Simulator Distribution",
          "CustomErrorResponses": Array [
            Object {
              "ErrorCode": 403,
              "ResponseCode": 200,
              "ResponsePagePath": "/index.html",
            },
            Object {
              "ErrorCode": 404,
              "ResponseCode": 200,
              "ResponsePagePath": "/index.html",
            },
          ],
          "DefaultCacheBehavior": Object {
            "CachePolicyId": "658327ea-f89d-4fab-a63d-7e88639e58f6",
            "Compress": true,
            "TargetOriginId": "TestCommonResourceDistributionCloudFrontDistributionOrigin17ECA9ED9",
            "ViewerProtocolPolicy": "redirect-to-https",
          },
          "DefaultRootObject": "index.html",
          "Enabled": true,
          "HttpVersion": "http2",
          "IPV6Enabled": true,
          "Logging": Object {
            "Bucket": Object {
              "Fn::GetAtt": Array [
                "testBucketDF4D7D1A",
                "RegionalDomainName",
              ],
            },
            "Prefix": "console-cf/",
          },
          "Origins": Array [
            Object {
              "DomainName": Object {
                "Fn::GetAtt": Array [
                  "TestCommonResourceDistributionS3Bucket4473F8A7",
                  "RegionalDomainName",
                ],
              },
              "Id": "TestCommonResourceDistributionCloudFrontDistributionOrigin17ECA9ED9",
              "S3OriginConfig": Object {
                "OriginAccessIdentity": Object {
                  "Fn::Join": Array [
                    "",
                    Array [
                      "origin-access-identity/cloudfront/",
                      Object {
                        "Ref": "TestCommonResourceDistributionCloudFrontDistributionOrigin1S3Origin537D11B7",
                      },
                    ],
                  ],
                },
              },
            },
          ],
        },
      },
      "Type": "AWS::CloudFront::Distribution",
    },
    "TestCommonResourceDistributionCloudFrontDistributionOrigin1S3Origin537D11B7": Object {
      "Properties": Object {
        "CloudFrontOriginAccessIdentityConfig": Object {
          "Comment": "Identity for TestCommonResourceDistributionCloudFrontDistributionOrigin17ECA9ED9",
        },
      },
      "Type": "AWS::CloudFront::CloudFrontOriginAccessIdentity",
    },
    "TestCommonResourceDistributionS3Bucket4473F8A7": Object {
      "DeletionPolicy": "Retain",
      "Properties": Object {
        "BucketEncryption": Object {
          "ServerSideEncryptionConfiguration": Array [
            Object {
              "ServerSideEncryptionByDefault": Object {
                "SSEAlgorithm": "AES256",
              },
            },
          ],
        },
        "LifecycleConfiguration": Object {
          "Rules": Array [
            Object {
              "NoncurrentVersionTransitions": Array [
                Object {
                  "StorageClass": "GLACIER",
                  "TransitionInDays": 90,
                },
              ],
              "Status": "Enabled",
            },
          ],
        },
        "LoggingConfiguration": Object {
          "DestinationBucketName": Object {
            "Ref": "testBucketDF4D7D1A",
          },
          "LogFilePrefix": "console-s3/",
        },
        "PublicAccessBlockConfiguration": Object {
          "BlockPublicAcls": true,
          "BlockPublicPolicy": true,
          "IgnorePublicAcls": true,
          "RestrictPublicBuckets": true,
        },
        "VersioningConfiguration": Object {
          "Status": "Enabled",
        },
      },
      "Type": "AWS::S3::Bucket",
      "UpdateReplacePolicy": "Retain",
    },
    "TestCommonResourceDistributionS3BucketPolicyFD5D32C0": Object {
      "Metadata": Object {
        "cfn_nag": Object {
          "rules_to_suppress": Array [
            Object {
              "id": "F16",
              "reason": "Public website bucket policy requires a wildcard principal",
            },
          ],
        },
      },
      "Properties": Object {
        "Bucket": Object {
          "Ref": "TestCommonResourceDistributionS3Bucket4473F8A7",
        },
        "PolicyDocument": Object {
          "Statement": Array [
            Object {
              "Action": "*",
              "Condition": Object {
                "Bool": Object {
                  "aws:SecureTransport": "false",
                },
              },
              "Effect": "Deny",
              "Principal": Object {
                "AWS": "*",
              },
              "Resource": Array [
                Object {
                  "Fn::Join": Array [
                    "",
                    Array [
                      Object {
                        "Fn::GetAtt": Array [
                          "TestCommonResourceDistributionS3Bucket4473F8A7",
                          "Arn",
                        ],
                      },
                      "/*",
                    ],
                  ],
                },
                Object {
                  "Fn::GetAtt": Array [
                    "TestCommonResourceDistributionS3Bucket4473F8A7",
                    "Arn",
                  ],
                },
              ],
              "Sid": "HttpsOnly",
            },
            Object {
              "Action": "s3:GetObject",
              "Effect": "Allow",
              "Principal": Object {
                "CanonicalUser": Object {
                  "Fn::GetAtt": Array [
                    "TestCommonResourceDistributionCloudFrontDistributionOrigin1S3Origin537D11B7",
                    "S3CanonicalUserId",
                  ],
                },
              },
              "Resource": Object {
                "Fn::Join": Array [
                  "",
                  Array [
                    Object {
                      "Fn::GetAtt": Array [
                        "TestCommonResourceDistributionS3Bucket4473F8A7",
                        "Arn",
                      ],
                    },
                    "/*",
                  ],
                ],
              },
            },
          ],
          "Version": "2012-10-17",
        },
      },
      "Type": "AWS::S3::BucketPolicy",
    },
    "TestCommonResourceIDSIoTPolicyB2F77C27": Object {
      "Metadata": Object {
        "cfn_nag": Object {
          "rules_to_suppress": Array [
            Object {
              "id": "W11",
              "reason": "Cannot specify the resource to attach policy to identity.",
            },
          ],
        },
      },
      "Properties": Object {
        "PolicyDocument": Object {
          "Statement": Array [
            Object {
              "Action": "iot:Connect",
              "Effect": "Allow",
              "Resource": Object {
                "Fn::Join": Array [
                  "",
                  Array [
                    "arn:",
                    Object {
                      "Ref": "AWS::Partition",
                    },
                    ":iot:",
                    Object {
                      "Ref": "AWS::Region",
                    },
                    ":",
                    Object {
                      "Ref": "AWS::AccountId",
                    },
                    ":client/*",
                  ],
                ],
              },
            },
            Object {
              "Action": "iot:Subscribe",
              "Effect": "Allow",
              "Resource": Object {
                "Fn::Join": Array [
                  "",
                  Array [
                    "arn:",
                    Object {
                      "Ref": "AWS::Partition",
                    },
                    ":iot:",
                    Object {
                      "Ref": "AWS::Region",
                    },
                    ":",
                    Object {
                      "Ref": "AWS::AccountId",
                    },
                    ":topicfilter/*",
                  ],
                ],
              },
            },
            Object {
              "Action": "iot:Receive",
              "Effect": "Allow",
              "Resource": Object {
                "Fn::Join": Array [
                  "",
                  Array [
                    "arn:",
                    Object {
                      "Ref": "AWS::Partition",
                    },
                    ":iot:",
                    Object {
                      "Ref": "AWS::Region",
                    },
                    ":",
                    Object {
                      "Ref": "AWS::AccountId",
                    },
                    ":topic/*",
                  ],
                ],
              },
            },
          ],
          "Version": "2012-10-17",
        },
      },
      "Type": "AWS::IoT::Policy",
    },
    "TestCommonResourceIdentityPoolAuthenticatedRoleB174B008": Object {
      "Metadata": Object {
        "cfn_nag": Object {
          "rules_to_suppress": Array [
            Object {
              "id": "W11",
              "reason": "iot:AttachPrincipalPolicy does not allow for resource specification",
            },
          ],
        },
      },
      "Properties": Object {
        "AssumeRolePolicyDocument": Object {
          "Statement": Array [
            Object {
              "Action": "sts:AssumeRoleWithWebIdentity",
              "Condition": Object {
                "ForAnyValue:StringLike": Object {
                  "cognito-identity.amazonaws.com:amr": "authenticated",
                },
                "StringEquals": Object {
                  "cognito-identity.amazonaws.com:aud": Object {
                    "Ref": "TestCommonResourceIdentityPoolFC1CEC73",
                  },
                },
              },
              "Effect": "Allow",
              "Principal": Object {
                "Federated": "cognito-identity.amazonaws.com",
              },
            },
          ],
          "Version": "2012-10-17",
        },
        "Description": Object {
          "Fn::Join": Array [
            "",
            Array [
              Object {
                "Ref": "AWS::StackName",
              },
              " Identity Pool authenticated role",
            ],
          ],
        },
        "Policies": Array [
          Object {
            "PolicyDocument": Object {
              "Statement": Array [
                Object {
                  "Action": "execute-api:Invoke",
                  "Effect": "Allow",
                  "Resource": Object {
                    "Fn::Join": Array [
                      "",
                      Array [
                        "arn:",
                        Object {
                          "Ref": "AWS::Partition",
                        },
                        ":execute-api:",
                        Object {
                          "Ref": "AWS::Region",
                        },
                        ":",
                        Object {
                          "Ref": "AWS::AccountId",
                        },
                        ":12ab34cde5/prod/*",
                      ],
                    ],
                  },
                },
              ],
              "Version": "2012-10-17",
            },
            "PolicyName": "ExecuteApiPolicy",
          },
          Object {
            "PolicyDocument": Object {
              "Statement": Array [
                Object {
                  "Action": Array [
                    "geo:SearchPlaceIndexForText",
                    "geo:GetMapGlyphs",
                    "geo:GetMapSprites",
                    "geo:GetMapStyleDescriptor",
                    "geo:SearchPlaceIndexForPosition",
                    "execute-api:Invoke",
                    "geo:GetMapTile",
                  ],
                  "Effect": "Allow",
                  "Resource": Array [
                    "arn:aws:geo:region:accountID:map/ExampleMap",
                    "arn:aws:geo:region:accountID:place-index/ExamplePlaceIndex",
                  ],
                },
              ],
              "Version": "2012-10-17",
            },
            "PolicyName": "LocationServicePolicy",
          },
          Object {
            "PolicyDocument": Object {
              "Statement": Array [
                Object {
                  "Action": "iot:AttachPrincipalPolicy",
                  "Effect": "Allow",
                  "Resource": "*",
                },
                Object {
                  "Action": "iot:Connect",
                  "Effect": "Allow",
                  "Resource": Object {
                    "Fn::Join": Array [
                      "",
                      Array [
                        "arn:",
                        Object {
                          "Ref": "AWS::Partition",
                        },
                        ":iot:",
                        Object {
                          "Ref": "AWS::Region",
                        },
                        ":",
                        Object {
                          "Ref": "AWS::AccountId",
                        },
                        ":client/*",
                      ],
                    ],
                  },
                },
                Object {
                  "Action": "iot:Subscribe",
                  "Effect": "Allow",
                  "Resource": Object {
                    "Fn::Join": Array [
                      "",
                      Array [
                        "arn:",
                        Object {
                          "Ref": "AWS::Partition",
                        },
                        ":iot:",
                        Object {
                          "Ref": "AWS::Region",
                        },
                        ":",
                        Object {
                          "Ref": "AWS::AccountId",
                        },
                        ":topicfilter/*",
                      ],
                    ],
                  },
                },
                Object {
                  "Action": "iot:Receive",
                  "Effect": "Allow",
                  "Resource": Object {
                    "Fn::Join": Array [
                      "",
                      Array [
                        "arn:",
                        Object {
                          "Ref": "AWS::Partition",
                        },
                        ":iot:",
                        Object {
                          "Ref": "AWS::Region",
                        },
                        ":",
                        Object {
                          "Ref": "AWS::AccountId",
                        },
                        ":topic/*",
                      ],
                    ],
                  },
                },
              ],
              "Version": "2012-10-17",
            },
            "PolicyName": "IoTPolicy",
          },
        ],
      },
      "Type": "AWS::IAM::Role",
    },
    "TestCommonResourceIdentityPoolFC1CEC73": Object {
      "Properties": Object {
        "AllowUnauthenticatedIdentities": false,
        "CognitoIdentityProviders": Array [
          Object {
            "ClientId": Object {
              "Ref": "TestCommonResourceUserPoolClient2595A2FD",
            },
            "ProviderName": Object {
              "Fn::GetAtt": Array [
                "TestCommonResourceUserPoolAAE3EB23",
                "ProviderName",
              ],
            },
            "ServerSideTokenCheck": false,
          },
        ],
      },
      "Type": "AWS::Cognito::IdentityPool",
    },
    "TestCommonResourceIdentityPoolRoleAttachement3832B688": Object {
      "Properties": Object {
        "IdentityPoolId": Object {
          "Ref": "TestCommonResourceIdentityPoolFC1CEC73",
        },
        "Roles": Object {
          "authenticated": Object {
            "Fn::GetAtt": Array [
              "TestCommonResourceIdentityPoolAuthenticatedRoleB174B008",
              "Arn",
            ],
          },
        },
      },
      "Type": "AWS::Cognito::IdentityPoolRoleAttachment",
    },
    "TestCommonResourceUserEE889C83": Object {
      "Properties": Object {
        "DesiredDeliveryMediums": Array [
          "EMAIL",
        ],
        "ForceAliasCreation": true,
        "UserAttributes": Array [
          Object {
            "Name": "email",
            "Value": "someEmail",
          },
          Object {
            "Name": "email_verified",
            "Value": "true",
          },
        ],
        "UserPoolId": Object {
          "Ref": "TestCommonResourceUserPoolAAE3EB23",
        },
        "Username": "someEmail",
      },
      "Type": "AWS::Cognito::UserPoolUser",
    },
    "TestCommonResourceUserPoolAAE3EB23": Object {
      "DeletionPolicy": "Delete",
      "Properties": Object {
        "AccountRecoverySetting": Object {
          "RecoveryMechanisms": Array [
            Object {
              "Name": "verified_phone_number",
              "Priority": 1,
            },
            Object {
              "Name": "verified_email",
              "Priority": 2,
            },
          ],
        },
        "AdminCreateUserConfig": Object {
          "AllowAdminCreateUserOnly": true,
          "InviteMessageTemplate": Object {
            "EmailMessage": Object {
              "Fn::Join": Array [
                "",
                Array [
                  "
          <p>
            You are invited to join IoT Device Simulator.<br />
            https://",
                  Object {
                    "Fn::GetAtt": Array [
                      "TestCommonResourceDistributionCloudFrontDistributionCF3F0A1C",
                      "DomainName",
                    ],
                  },
                  "
          </p>
          <p>
            Please sign in to IoT Device Simulator using the temporary credentials below:<br />
            Username: <strong>{username}</strong><br />Password: <strong>{####}</strong>
          </p>
        ",
                ],
              ],
            },
            "EmailSubject": "[IoT Device Simulator] Login information",
          },
        },
        "AutoVerifiedAttributes": Array [
          "email",
        ],
        "EmailVerificationMessage": "The verification code to your new account is {####}",
        "EmailVerificationSubject": "Verify your new account",
        "Policies": Object {
          "PasswordPolicy": Object {
            "MinimumLength": 12,
            "RequireLowercase": true,
            "RequireNumbers": true,
            "RequireSymbols": true,
            "RequireUppercase": true,
          },
        },
        "SmsVerificationMessage": "The verification code to your new account is {####}",
        "UserPoolAddOns": Object {
          "AdvancedSecurityMode": "ENFORCED",
        },
        "UserPoolName": Object {
          "Fn::Join": Array [
            "",
            Array [
              Object {
                "Ref": "AWS::StackName",
              },
              "-user-pool",
            ],
          ],
        },
        "UsernameAttributes": Array [
          "email",
        ],
        "VerificationMessageTemplate": Object {
          "DefaultEmailOption": "CONFIRM_WITH_CODE",
          "EmailMessage": "The verification code to your new account is {####}",
          "EmailSubject": "Verify your new account",
          "SmsMessage": "The verification code to your new account is {####}",
        },
      },
      "Type": "AWS::Cognito::UserPool",
      "UpdateReplacePolicy": "Delete",
    },
    "TestCommonResourceUserPoolClient2595A2FD": Object {
      "Properties": Object {
        "AllowedOAuthFlows": Array [
          "implicit",
          "code",
        ],
        "AllowedOAuthFlowsUserPoolClient": true,
        "AllowedOAuthScopes": Array [
          "profile",
          "phone",
          "email",
          "openid",
          "aws.cognito.signin.user.admin",
        ],
        "CallbackURLs": Array [
          "https://example.com",
        ],
        "ClientName": Object {
          "Fn::Join": Array [
            "",
            Array [
              Object {
                "Ref": "AWS::StackName",
              },
              "-userpool-client",
            ],
          ],
        },
        "GenerateSecret": false,
        "PreventUserExistenceErrors": "ENABLED",
        "RefreshTokenValidity": 1440,
        "SupportedIdentityProviders": Array [
          "COGNITO",
        ],
        "TokenValidityUnits": Object {
          "RefreshToken": "minutes",
        },
        "UserPoolId": Object {
          "Ref": "TestCommonResourceUserPoolAAE3EB23",
        },
      },
      "Type": "AWS::Cognito::UserPoolClient",
    },
    "testBucketDF4D7D1A": Object {
      "DeletionPolicy": "Retain",
      "Properties": Object {
        "AccessControl": "LogDeliveryWrite",
      },
      "Type": "AWS::S3::Bucket",
      "UpdateReplacePolicy": "Retain",
    },
  },
}
`;
